../Core/Src/main.c:30:24:makeFrame	16	static
../Core/Src/main.c:41:6:HAL_TIM_PeriodElapsedCallback	32	static
../Core/Src/main.c:67:6:HAL_SPI_TxCpltCallback	16	static
../Core/Src/main.c:73:13:TIM6_SetSampleRate	32	static
../Core/Src/main.c:89:13:App_Init	24	static
../Core/Src/main.c:114:5:main	8	static,ignoring_inline_asm
../Core/Src/main.c:136:6:SystemClock_Config	96	static
../Core/Src/main.c:197:13:MX_SPI1_Init	8	static
../Core/Src/main.c:237:13:MX_TIM6_Init	24	static
../Core/Src/main.c:273:13:MX_DMA_Init	16	static
../Core/Src/main.c:291:13:MX_GPIO_Init	40	static
../Core/Src/main.c:336:6:Error_Handler	4	static,ignoring_inline_asm
